// Vitest Snapshot v1, https://vitest.dev/guide/snapshot.html

exports[`oaiParams > common types 1`] = `
{
  "additionalProperties": false,
  "properties": {
    "address": {
      "additionalProperties": false,
      "properties": {
        "city": {
          "type": "string",
        },
        "state": {
          "type": "string",
        },
        "street": {
          "type": "string",
        },
        "zip": {
          "type": "string",
        },
      },
      "required": [
        "street",
        "city",
        "state",
        "zip",
      ],
      "type": "object",
    },
    "age": {
      "type": "number",
    },
    "favoriteColor": {
      "enum": [
        "red",
        "green",
        "blue",
      ],
      "type": "string",
    },
    "hobbies": {
      "items": {
        "type": "string",
      },
      "type": "array",
    },
    "isStudent": {
      "type": "boolean",
    },
    "name": {
      "type": "string",
    },
  },
  "required": [
    "name",
    "age",
    "isStudent",
    "hobbies",
    "favoriteColor",
    "address",
  ],
  "type": "object",
}
`;
